// Jest Snapshot v1, https://goo.gl/fbAQLP

exports[`[Component] BookDrawer Display BookDrawer Component with props 1`] = `
ShallowWrapper {
  Symbol(enzyme.__root__): [Circular],
  Symbol(enzyme.__unrendered__): <BookDrawer
    data={
        Object {
            "authors": Array [
              "Leonardo Morini",
            ],
            "averageRating": 2,
            "categories": Array [
              "action",
            ],
            "description": "This book and the table",
            "shelf": "",
            "title": "Title Book",
          }
    }
    defineStatus={[Function]}
    stateDrawer={[Function]}
    toggleDrawer={[Function]}
/>,
  Symbol(enzyme.__renderer__): Object {
    "batchedUpdates": [Function],
    "getNode": [Function],
    "render": [Function],
    "simulateError": [Function],
    "simulateEvent": [Function],
    "unmount": [Function],
  },
  Symbol(enzyme.__node__): Object {
    "instance": null,
    "key": undefined,
    "nodeType": "class",
    "props": Object {
      "anchor": "right",
      "children": <WithStyles(Grid)
        style={
                Object {
                        "backgroundColor": "#12071d",
                        "flex": 1,
                        "maxWidth": 500,
                        "padding": 20,
                      }
        }
        tabIndex={0}
>
        <WithStyles(Grid)
                container={true}
                direction="column"
                spacing={8}
        >
                <WithStyles(Grid)
                        item={true}
                >
                        <WithStyles(Button)
                                aria-label="Close"
                                onClick={undefined}
                                style={
                                        Object {
                                                "backgroundColor": "#c8a3ff",
                                              }
                                }
                                variant="fab"
                        >
                                <pure(ArrowBackIcon) />
                        </WithStyles(Button)>
                </WithStyles(Grid)>
                <WithStyles(Grid)
                        item={true}
                >
                        <WithStyles(Typography)
                                align="justify"
                                style={
                                        Object {
                                                "color": "#fff",
                                              }
                                }
                                variant="h6"
                        >
                                Title Book
                        </WithStyles(Typography)>
                        <ReactStars
                                char="★"
                                color1="gray"
                                color2="#ffd700"
                                count={5}
                                edit={false}
                                half={true}
                                onChange={[Function]}
                                size={25}
                                value={2}
                        />
                </WithStyles(Grid)>
                <WithStyles(Grid)
                        item={true}
                >
                        <BookImage
                                images={undefined}
                        />
                </WithStyles(Grid)>
                <WithStyles(Grid)
                        item={true}
                >
                        <Status
                                book={
                                        Object {
                                                "authors": Array [
                                                  "Leonardo Morini",
                                                ],
                                                "averageRating": 2,
                                                "categories": Array [
                                                  "action",
                                                ],
                                                "description": "This book and the table",
                                                "shelf": "",
                                                "title": "Title Book",
                                              }
                                }
                                defineStatus={[Function]}
                                shelf=""
                        />
                </WithStyles(Grid)>
                <WithStyles(Grid)
                        item={true}
                >
                        <WithStyles(Grid)
                                container={true}
                                direction="column"
                                spacing={16}
                        >
                                <MultiChips
                                        items={
                                                Array [
                                                        "Leonardo Morini",
                                                      ]
                                        }
                                        name="Authors"
                                />
                                <MultiChips
                                        items={
                                                Array [
                                                        "action",
                                                      ]
                                        }
                                        name="Categories"
                                />
                                <WithStyles(Grid)
                                        item={true}
                                >
                                        <If
                                                test="This book and the table"
                                        >
                                                <WithStyles(Typography)
                                                        align="justify"
                                                        style={
                                                                Object {
                                                                        "color": "#fff",
                                                                      }
                                                        }
                                                        variant="subtitle1"
                                                >
                                                        <b>
                                                                Description: 
                                                        </b>
                                                         
                                                        This book and the table
                                                </WithStyles(Typography)>
                                        </If>
                                </WithStyles(Grid)>
                        </WithStyles(Grid)>
                </WithStyles(Grid)>
        </WithStyles(Grid)>
</WithStyles(Grid)>,
      "onClose": undefined,
      "open": [Function],
    },
    "ref": null,
    "rendered": Object {
      "instance": null,
      "key": undefined,
      "nodeType": "class",
      "props": Object {
        "children": <WithStyles(Grid)
          container={true}
          direction="column"
          spacing={8}
>
          <WithStyles(Grid)
                    item={true}
          >
                    <WithStyles(Button)
                              aria-label="Close"
                              onClick={undefined}
                              style={
                                        Object {
                                                  "backgroundColor": "#c8a3ff",
                                                }
                              }
                              variant="fab"
                    >
                              <pure(ArrowBackIcon) />
                    </WithStyles(Button)>
          </WithStyles(Grid)>
          <WithStyles(Grid)
                    item={true}
          >
                    <WithStyles(Typography)
                              align="justify"
                              style={
                                        Object {
                                                  "color": "#fff",
                                                }
                              }
                              variant="h6"
                    >
                              Title Book
                    </WithStyles(Typography)>
                    <ReactStars
                              char="★"
                              color1="gray"
                              color2="#ffd700"
                              count={5}
                              edit={false}
                              half={true}
                              onChange={[Function]}
                              size={25}
                              value={2}
                    />
          </WithStyles(Grid)>
          <WithStyles(Grid)
                    item={true}
          >
                    <BookImage
                              images={undefined}
                    />
          </WithStyles(Grid)>
          <WithStyles(Grid)
                    item={true}
          >
                    <Status
                              book={
                                        Object {
                                                  "authors": Array [
                                                    "Leonardo Morini",
                                                  ],
                                                  "averageRating": 2,
                                                  "categories": Array [
                                                    "action",
                                                  ],
                                                  "description": "This book and the table",
                                                  "shelf": "",
                                                  "title": "Title Book",
                                                }
                              }
                              defineStatus={[Function]}
                              shelf=""
                    />
          </WithStyles(Grid)>
          <WithStyles(Grid)
                    item={true}
          >
                    <WithStyles(Grid)
                              container={true}
                              direction="column"
                              spacing={16}
                    >
                              <MultiChips
                                        items={
                                                  Array [
                                                            "Leonardo Morini",
                                                          ]
                                        }
                                        name="Authors"
                              />
                              <MultiChips
                                        items={
                                                  Array [
                                                            "action",
                                                          ]
                                        }
                                        name="Categories"
                              />
                              <WithStyles(Grid)
                                        item={true}
                              >
                                        <If
                                                  test="This book and the table"
                                        >
                                                  <WithStyles(Typography)
                                                            align="justify"
                                                            style={
                                                                      Object {
                                                                                "color": "#fff",
                                                                              }
                                                            }
                                                            variant="subtitle1"
                                                  >
                                                            <b>
                                                                      Description: 
                                                            </b>
                                                             
                                                            This book and the table
                                                  </WithStyles(Typography)>
                                        </If>
                              </WithStyles(Grid)>
                    </WithStyles(Grid)>
          </WithStyles(Grid)>
</WithStyles(Grid)>,
        "style": Object {
          "backgroundColor": "#12071d",
          "flex": 1,
          "maxWidth": 500,
          "padding": 20,
        },
        "tabIndex": 0,
      },
      "ref": null,
      "rendered": Object {
        "instance": null,
        "key": undefined,
        "nodeType": "class",
        "props": Object {
          "children": Array [
            <WithStyles(Grid)
              item={true}
>
              <WithStyles(Button)
                            aria-label="Close"
                            onClick={undefined}
                            style={
                                          Object {
                                                        "backgroundColor": "#c8a3ff",
                                                      }
                            }
                            variant="fab"
              >
                            <pure(ArrowBackIcon) />
              </WithStyles(Button)>
</WithStyles(Grid)>,
            <WithStyles(Grid)
              item={true}
>
              <WithStyles(Typography)
                            align="justify"
                            style={
                                          Object {
                                                        "color": "#fff",
                                                      }
                            }
                            variant="h6"
              >
                            Title Book
              </WithStyles(Typography)>
              <ReactStars
                            char="★"
                            color1="gray"
                            color2="#ffd700"
                            count={5}
                            edit={false}
                            half={true}
                            onChange={[Function]}
                            size={25}
                            value={2}
              />
</WithStyles(Grid)>,
            <WithStyles(Grid)
              item={true}
>
              <BookImage
                            images={undefined}
              />
</WithStyles(Grid)>,
            <WithStyles(Grid)
              item={true}
>
              <Status
                            book={
                                          Object {
                                                        "authors": Array [
                                                          "Leonardo Morini",
                                                        ],
                                                        "averageRating": 2,
                                                        "categories": Array [
                                                          "action",
                                                        ],
                                                        "description": "This book and the table",
                                                        "shelf": "",
                                                        "title": "Title Book",
                                                      }
                            }
                            defineStatus={[Function]}
                            shelf=""
              />
</WithStyles(Grid)>,
            <WithStyles(Grid)
              item={true}
>
              <WithStyles(Grid)
                            container={true}
                            direction="column"
                            spacing={16}
              >
                            <MultiChips
                                          items={
                                                        Array [
                                                                      "Leonardo Morini",
                                                                    ]
                                          }
                                          name="Authors"
                            />
                            <MultiChips
                                          items={
                                                        Array [
                                                                      "action",
                                                                    ]
                                          }
                                          name="Categories"
                            />
                            <WithStyles(Grid)
                                          item={true}
                            >
                                          <If
                                                        test="This book and the table"
                                          >
                                                        <WithStyles(Typography)
                                                                      align="justify"
                                                                      style={
                                                                                    Object {
                                                                                                  "color": "#fff",
                                                                                                }
                                                                      }
                                                                      variant="subtitle1"
                                                        >
                                                                      <b>
                                                                                    Description: 
                                                                      </b>
                                                                       
                                                                      This book and the table
                                                        </WithStyles(Typography)>
                                          </If>
                            </WithStyles(Grid)>
              </WithStyles(Grid)>
</WithStyles(Grid)>,
          ],
          "container": true,
          "direction": "column",
          "spacing": 8,
        },
        "ref": null,
        "rendered": Array [
          Object {
            "instance": null,
            "key": undefined,
            "nodeType": "class",
            "props": Object {
              "children": <WithStyles(Button)
                aria-label="Close"
                onClick={undefined}
                style={
                                Object {
                                                "backgroundColor": "#c8a3ff",
                                              }
                }
                variant="fab"
>
                <pure(ArrowBackIcon) />
</WithStyles(Button)>,
              "item": true,
            },
            "ref": null,
            "rendered": Object {
              "instance": null,
              "key": undefined,
              "nodeType": "class",
              "props": Object {
                "aria-label": "Close",
                "children": <pure(ArrowBackIcon) />,
                "onClick": undefined,
                "style": Object {
                  "backgroundColor": "#c8a3ff",
                },
                "variant": "fab",
              },
              "ref": null,
              "rendered": Object {
                "instance": null,
                "key": undefined,
                "nodeType": "class",
                "props": Object {},
                "ref": null,
                "rendered": null,
                "type": [Function],
              },
              "type": [Function],
            },
            "type": [Function],
          },
          Object {
            "instance": null,
            "key": undefined,
            "nodeType": "class",
            "props": Object {
              "children": Array [
                <WithStyles(Typography)
                  align="justify"
                  style={
                                    Object {
                                                      "color": "#fff",
                                                    }
                  }
                  variant="h6"
>
                  Title Book
</WithStyles(Typography)>,
                <ReactStars
                  char="★"
                  color1="gray"
                  color2="#ffd700"
                  count={5}
                  edit={false}
                  half={true}
                  onChange={[Function]}
                  size={25}
                  value={2}
/>,
              ],
              "item": true,
            },
            "ref": null,
            "rendered": Array [
              Object {
                "instance": null,
                "key": undefined,
                "nodeType": "class",
                "props": Object {
                  "align": "justify",
                  "children": "Title Book",
                  "style": Object {
                    "color": "#fff",
                  },
                  "variant": "h6",
                },
                "ref": null,
                "rendered": "Title Book",
                "type": [Function],
              },
              Object {
                "instance": null,
                "key": undefined,
                "nodeType": "class",
                "props": Object {
                  "char": "★",
                  "color1": "gray",
                  "color2": "#ffd700",
                  "count": 5,
                  "edit": false,
                  "half": true,
                  "onChange": [Function],
                  "size": 25,
                  "value": 2,
                },
                "ref": null,
                "rendered": null,
                "type": [Function],
              },
            ],
            "type": [Function],
          },
          Object {
            "instance": null,
            "key": undefined,
            "nodeType": "class",
            "props": Object {
              "children": <BookImage
                images={undefined}
/>,
              "item": true,
            },
            "ref": null,
            "rendered": Object {
              "instance": null,
              "key": undefined,
              "nodeType": "function",
              "props": Object {
                "images": undefined,
              },
              "ref": null,
              "rendered": null,
              "type": [Function],
            },
            "type": [Function],
          },
          Object {
            "instance": null,
            "key": undefined,
            "nodeType": "class",
            "props": Object {
              "children": <Status
                book={
                                Object {
                                                "authors": Array [
                                                  "Leonardo Morini",
                                                ],
                                                "averageRating": 2,
                                                "categories": Array [
                                                  "action",
                                                ],
                                                "description": "This book and the table",
                                                "shelf": "",
                                                "title": "Title Book",
                                              }
                }
                defineStatus={[Function]}
                shelf=""
/>,
              "item": true,
            },
            "ref": null,
            "rendered": Object {
              "instance": null,
              "key": undefined,
              "nodeType": "function",
              "props": Object {
                "book": Object {
                  "authors": Array [
                    "Leonardo Morini",
                  ],
                  "averageRating": 2,
                  "categories": Array [
                    "action",
                  ],
                  "description": "This book and the table",
                  "shelf": "",
                  "title": "Title Book",
                },
                "defineStatus": [Function],
                "shelf": "",
              },
              "ref": null,
              "rendered": null,
              "type": [Function],
            },
            "type": [Function],
          },
          Object {
            "instance": null,
            "key": undefined,
            "nodeType": "class",
            "props": Object {
              "children": <WithStyles(Grid)
                container={true}
                direction="column"
                spacing={16}
>
                <MultiChips
                                items={
                                                Array [
                                                                "Leonardo Morini",
                                                              ]
                                }
                                name="Authors"
                />
                <MultiChips
                                items={
                                                Array [
                                                                "action",
                                                              ]
                                }
                                name="Categories"
                />
                <WithStyles(Grid)
                                item={true}
                >
                                <If
                                                test="This book and the table"
                                >
                                                <WithStyles(Typography)
                                                                align="justify"
                                                                style={
                                                                                Object {
                                                                                                "color": "#fff",
                                                                                              }
                                                                }
                                                                variant="subtitle1"
                                                >
                                                                <b>
                                                                                Description: 
                                                                </b>
                                                                 
                                                                This book and the table
                                                </WithStyles(Typography)>
                                </If>
                </WithStyles(Grid)>
</WithStyles(Grid)>,
              "item": true,
            },
            "ref": null,
            "rendered": Object {
              "instance": null,
              "key": undefined,
              "nodeType": "class",
              "props": Object {
                "children": Array [
                  <MultiChips
                    items={
                                        Array [
                                                            "Leonardo Morini",
                                                          ]
                    }
                    name="Authors"
/>,
                  <MultiChips
                    items={
                                        Array [
                                                            "action",
                                                          ]
                    }
                    name="Categories"
/>,
                  <WithStyles(Grid)
                    item={true}
>
                    <If
                                        test="This book and the table"
                    >
                                        <WithStyles(Typography)
                                                            align="justify"
                                                            style={
                                                                                Object {
                                                                                                    "color": "#fff",
                                                                                                  }
                                                            }
                                                            variant="subtitle1"
                                        >
                                                            <b>
                                                                                Description: 
                                                            </b>
                                                             
                                                            This book and the table
                                        </WithStyles(Typography)>
                    </If>
</WithStyles(Grid)>,
                ],
                "container": true,
                "direction": "column",
                "spacing": 16,
              },
              "ref": null,
              "rendered": Array [
                Object {
                  "instance": null,
                  "key": undefined,
                  "nodeType": "function",
                  "props": Object {
                    "items": Array [
                      "Leonardo Morini",
                    ],
                    "name": "Authors",
                  },
                  "ref": null,
                  "rendered": null,
                  "type": [Function],
                },
                Object {
                  "instance": null,
                  "key": undefined,
                  "nodeType": "function",
                  "props": Object {
                    "items": Array [
                      "action",
                    ],
                    "name": "Categories",
                  },
                  "ref": null,
                  "rendered": null,
                  "type": [Function],
                },
                Object {
                  "instance": null,
                  "key": undefined,
                  "nodeType": "class",
                  "props": Object {
                    "children": <If
                      test="This book and the table"
>
                      <WithStyles(Typography)
                                            align="justify"
                                            style={
                                                                  Object {
                                                                                        "color": "#fff",
                                                                                      }
                                            }
                                            variant="subtitle1"
                      >
                                            <b>
                                                                  Description: 
                                            </b>
                                             
                                            This book and the table
                      </WithStyles(Typography)>
</If>,
                    "item": true,
                  },
                  "ref": null,
                  "rendered": Object {
                    "instance": null,
                    "key": undefined,
                    "nodeType": "function",
                    "props": Object {
                      "children": <WithStyles(Typography)
                        align="justify"
                        style={
                                                Object {
                                                                        "color": "#fff",
                                                                      }
                        }
                        variant="subtitle1"
>
                        <b>
                                                Description: 
                        </b>
                         
                        This book and the table
</WithStyles(Typography)>,
                      "test": "This book and the table",
                    },
                    "ref": null,
                    "rendered": Object {
                      "instance": null,
                      "key": undefined,
                      "nodeType": "class",
                      "props": Object {
                        "align": "justify",
                        "children": Array [
                          <b>
                            Description: 
</b>,
                          " ",
                          "This book and the table",
                        ],
                        "style": Object {
                          "color": "#fff",
                        },
                        "variant": "subtitle1",
                      },
                      "ref": null,
                      "rendered": Array [
                        Object {
                          "instance": null,
                          "key": undefined,
                          "nodeType": "host",
                          "props": Object {
                            "children": "Description: ",
                          },
                          "ref": null,
                          "rendered": "Description: ",
                          "type": "b",
                        },
                        " ",
                        "This book and the table",
                      ],
                      "type": [Function],
                    },
                    "type": [Function],
                  },
                  "type": [Function],
                },
              ],
              "type": [Function],
            },
            "type": [Function],
          },
        ],
        "type": [Function],
      },
      "type": [Function],
    },
    "type": [Function],
  },
  Symbol(enzyme.__nodes__): Array [
    Object {
      "instance": null,
      "key": undefined,
      "nodeType": "class",
      "props": Object {
        "anchor": "right",
        "children": <WithStyles(Grid)
          style={
                    Object {
                              "backgroundColor": "#12071d",
                              "flex": 1,
                              "maxWidth": 500,
                              "padding": 20,
                            }
          }
          tabIndex={0}
>
          <WithStyles(Grid)
                    container={true}
                    direction="column"
                    spacing={8}
          >
                    <WithStyles(Grid)
                              item={true}
                    >
                              <WithStyles(Button)
                                        aria-label="Close"
                                        onClick={undefined}
                                        style={
                                                  Object {
                                                            "backgroundColor": "#c8a3ff",
                                                          }
                                        }
                                        variant="fab"
                              >
                                        <pure(ArrowBackIcon) />
                              </WithStyles(Button)>
                    </WithStyles(Grid)>
                    <WithStyles(Grid)
                              item={true}
                    >
                              <WithStyles(Typography)
                                        align="justify"
                                        style={
                                                  Object {
                                                            "color": "#fff",
                                                          }
                                        }
                                        variant="h6"
                              >
                                        Title Book
                              </WithStyles(Typography)>
                              <ReactStars
                                        char="★"
                                        color1="gray"
                                        color2="#ffd700"
                                        count={5}
                                        edit={false}
                                        half={true}
                                        onChange={[Function]}
                                        size={25}
                                        value={2}
                              />
                    </WithStyles(Grid)>
                    <WithStyles(Grid)
                              item={true}
                    >
                              <BookImage
                                        images={undefined}
                              />
                    </WithStyles(Grid)>
                    <WithStyles(Grid)
                              item={true}
                    >
                              <Status
                                        book={
                                                  Object {
                                                            "authors": Array [
                                                              "Leonardo Morini",
                                                            ],
                                                            "averageRating": 2,
                                                            "categories": Array [
                                                              "action",
                                                            ],
                                                            "description": "This book and the table",
                                                            "shelf": "",
                                                            "title": "Title Book",
                                                          }
                                        }
                                        defineStatus={[Function]}
                                        shelf=""
                              />
                    </WithStyles(Grid)>
                    <WithStyles(Grid)
                              item={true}
                    >
                              <WithStyles(Grid)
                                        container={true}
                                        direction="column"
                                        spacing={16}
                              >
                                        <MultiChips
                                                  items={
                                                            Array [
                                                                      "Leonardo Morini",
                                                                    ]
                                                  }
                                                  name="Authors"
                                        />
                                        <MultiChips
                                                  items={
                                                            Array [
                                                                      "action",
                                                                    ]
                                                  }
                                                  name="Categories"
                                        />
                                        <WithStyles(Grid)
                                                  item={true}
                                        >
                                                  <If
                                                            test="This book and the table"
                                                  >
                                                            <WithStyles(Typography)
                                                                      align="justify"
                                                                      style={
                                                                                Object {
                                                                                          "color": "#fff",
                                                                                        }
                                                                      }
                                                                      variant="subtitle1"
                                                            >
                                                                      <b>
                                                                                Description: 
                                                                      </b>
                                                                       
                                                                      This book and the table
                                                            </WithStyles(Typography)>
                                                  </If>
                                        </WithStyles(Grid)>
                              </WithStyles(Grid)>
                    </WithStyles(Grid)>
          </WithStyles(Grid)>
</WithStyles(Grid)>,
        "onClose": undefined,
        "open": [Function],
      },
      "ref": null,
      "rendered": Object {
        "instance": null,
        "key": undefined,
        "nodeType": "class",
        "props": Object {
          "children": <WithStyles(Grid)
            container={true}
            direction="column"
            spacing={8}
>
            <WithStyles(Grid)
                        item={true}
            >
                        <WithStyles(Button)
                                    aria-label="Close"
                                    onClick={undefined}
                                    style={
                                                Object {
                                                            "backgroundColor": "#c8a3ff",
                                                          }
                                    }
                                    variant="fab"
                        >
                                    <pure(ArrowBackIcon) />
                        </WithStyles(Button)>
            </WithStyles(Grid)>
            <WithStyles(Grid)
                        item={true}
            >
                        <WithStyles(Typography)
                                    align="justify"
                                    style={
                                                Object {
                                                            "color": "#fff",
                                                          }
                                    }
                                    variant="h6"
                        >
                                    Title Book
                        </WithStyles(Typography)>
                        <ReactStars
                                    char="★"
                                    color1="gray"
                                    color2="#ffd700"
                                    count={5}
                                    edit={false}
                                    half={true}
                                    onChange={[Function]}
                                    size={25}
                                    value={2}
                        />
            </WithStyles(Grid)>
            <WithStyles(Grid)
                        item={true}
            >
                        <BookImage
                                    images={undefined}
                        />
            </WithStyles(Grid)>
            <WithStyles(Grid)
                        item={true}
            >
                        <Status
                                    book={
                                                Object {
                                                            "authors": Array [
                                                              "Leonardo Morini",
                                                            ],
                                                            "averageRating": 2,
                                                            "categories": Array [
                                                              "action",
                                                            ],
                                                            "description": "This book and the table",
                                                            "shelf": "",
                                                            "title": "Title Book",
                                                          }
                                    }
                                    defineStatus={[Function]}
                                    shelf=""
                        />
            </WithStyles(Grid)>
            <WithStyles(Grid)
                        item={true}
            >
                        <WithStyles(Grid)
                                    container={true}
                                    direction="column"
                                    spacing={16}
                        >
                                    <MultiChips
                                                items={
                                                            Array [
                                                                        "Leonardo Morini",
                                                                      ]
                                                }
                                                name="Authors"
                                    />
                                    <MultiChips
                                                items={
                                                            Array [
                                                                        "action",
                                                                      ]
                                                }
                                                name="Categories"
                                    />
                                    <WithStyles(Grid)
                                                item={true}
                                    >
                                                <If
                                                            test="This book and the table"
                                                >
                                                            <WithStyles(Typography)
                                                                        align="justify"
                                                                        style={
                                                                                    Object {
                                                                                                "color": "#fff",
                                                                                              }
                                                                        }
                                                                        variant="subtitle1"
                                                            >
                                                                        <b>
                                                                                    Description: 
                                                                        </b>
                                                                         
                                                                        This book and the table
                                                            </WithStyles(Typography)>
                                                </If>
                                    </WithStyles(Grid)>
                        </WithStyles(Grid)>
            </WithStyles(Grid)>
</WithStyles(Grid)>,
          "style": Object {
            "backgroundColor": "#12071d",
            "flex": 1,
            "maxWidth": 500,
            "padding": 20,
          },
          "tabIndex": 0,
        },
        "ref": null,
        "rendered": Object {
          "instance": null,
          "key": undefined,
          "nodeType": "class",
          "props": Object {
            "children": Array [
              <WithStyles(Grid)
                item={true}
>
                <WithStyles(Button)
                                aria-label="Close"
                                onClick={undefined}
                                style={
                                                Object {
                                                                "backgroundColor": "#c8a3ff",
                                                              }
                                }
                                variant="fab"
                >
                                <pure(ArrowBackIcon) />
                </WithStyles(Button)>
</WithStyles(Grid)>,
              <WithStyles(Grid)
                item={true}
>
                <WithStyles(Typography)
                                align="justify"
                                style={
                                                Object {
                                                                "color": "#fff",
                                                              }
                                }
                                variant="h6"
                >
                                Title Book
                </WithStyles(Typography)>
                <ReactStars
                                char="★"
                                color1="gray"
                                color2="#ffd700"
                                count={5}
                                edit={false}
                                half={true}
                                onChange={[Function]}
                                size={25}
                                value={2}
                />
</WithStyles(Grid)>,
              <WithStyles(Grid)
                item={true}
>
                <BookImage
                                images={undefined}
                />
</WithStyles(Grid)>,
              <WithStyles(Grid)
                item={true}
>
                <Status
                                book={
                                                Object {
                                                                "authors": Array [
                                                                  "Leonardo Morini",
                                                                ],
                                                                "averageRating": 2,
                                                                "categories": Array [
                                                                  "action",
                                                                ],
                                                                "description": "This book and the table",
                                                                "shelf": "",
                                                                "title": "Title Book",
                                                              }
                                }
                                defineStatus={[Function]}
                                shelf=""
                />
</WithStyles(Grid)>,
              <WithStyles(Grid)
                item={true}
>
                <WithStyles(Grid)
                                container={true}
                                direction="column"
                                spacing={16}
                >
                                <MultiChips
                                                items={
                                                                Array [
                                                                                "Leonardo Morini",
                                                                              ]
                                                }
                                                name="Authors"
                                />
                                <MultiChips
                                                items={
                                                                Array [
                                                                                "action",
                                                                              ]
                                                }
                                                name="Categories"
                                />
                                <WithStyles(Grid)
                                                item={true}
                                >
                                                <If
                                                                test="This book and the table"
                                                >
                                                                <WithStyles(Typography)
                                                                                align="justify"
                                                                                style={
                                                                                                Object {
                                                                                                                "color": "#fff",
                                                                                                              }
                                                                                }
                                                                                variant="subtitle1"
                                                                >
                                                                                <b>
                                                                                                Description: 
                                                                                </b>
                                                                                 
                                                                                This book and the table
                                                                </WithStyles(Typography)>
                                                </If>
                                </WithStyles(Grid)>
                </WithStyles(Grid)>
</WithStyles(Grid)>,
            ],
            "container": true,
            "direction": "column",
            "spacing": 8,
          },
          "ref": null,
          "rendered": Array [
            Object {
              "instance": null,
              "key": undefined,
              "nodeType": "class",
              "props": Object {
                "children": <WithStyles(Button)
                  aria-label="Close"
                  onClick={undefined}
                  style={
                                    Object {
                                                      "backgroundColor": "#c8a3ff",
                                                    }
                  }
                  variant="fab"
>
                  <pure(ArrowBackIcon) />
</WithStyles(Button)>,
                "item": true,
              },
              "ref": null,
              "rendered": Object {
                "instance": null,
                "key": undefined,
                "nodeType": "class",
                "props": Object {
                  "aria-label": "Close",
                  "children": <pure(ArrowBackIcon) />,
                  "onClick": undefined,
                  "style": Object {
                    "backgroundColor": "#c8a3ff",
                  },
                  "variant": "fab",
                },
                "ref": null,
                "rendered": Object {
                  "instance": null,
                  "key": undefined,
                  "nodeType": "class",
                  "props": Object {},
                  "ref": null,
                  "rendered": null,
                  "type": [Function],
                },
                "type": [Function],
              },
              "type": [Function],
            },
            Object {
              "instance": null,
              "key": undefined,
              "nodeType": "class",
              "props": Object {
                "children": Array [
                  <WithStyles(Typography)
                    align="justify"
                    style={
                                        Object {
                                                            "color": "#fff",
                                                          }
                    }
                    variant="h6"
>
                    Title Book
</WithStyles(Typography)>,
                  <ReactStars
                    char="★"
                    color1="gray"
                    color2="#ffd700"
                    count={5}
                    edit={false}
                    half={true}
                    onChange={[Function]}
                    size={25}
                    value={2}
/>,
                ],
                "item": true,
              },
              "ref": null,
              "rendered": Array [
                Object {
                  "instance": null,
                  "key": undefined,
                  "nodeType": "class",
                  "props": Object {
                    "align": "justify",
                    "children": "Title Book",
                    "style": Object {
                      "color": "#fff",
                    },
                    "variant": "h6",
                  },
                  "ref": null,
                  "rendered": "Title Book",
                  "type": [Function],
                },
                Object {
                  "instance": null,
                  "key": undefined,
                  "nodeType": "class",
                  "props": Object {
                    "char": "★",
                    "color1": "gray",
                    "color2": "#ffd700",
                    "count": 5,
                    "edit": false,
                    "half": true,
                    "onChange": [Function],
                    "size": 25,
                    "value": 2,
                  },
                  "ref": null,
                  "rendered": null,
                  "type": [Function],
                },
              ],
              "type": [Function],
            },
            Object {
              "instance": null,
              "key": undefined,
              "nodeType": "class",
              "props": Object {
                "children": <BookImage
                  images={undefined}
/>,
                "item": true,
              },
              "ref": null,
              "rendered": Object {
                "instance": null,
                "key": undefined,
                "nodeType": "function",
                "props": Object {
                  "images": undefined,
                },
                "ref": null,
                "rendered": null,
                "type": [Function],
              },
              "type": [Function],
            },
            Object {
              "instance": null,
              "key": undefined,
              "nodeType": "class",
              "props": Object {
                "children": <Status
                  book={
                                    Object {
                                                      "authors": Array [
                                                        "Leonardo Morini",
                                                      ],
                                                      "averageRating": 2,
                                                      "categories": Array [
                                                        "action",
                                                      ],
                                                      "description": "This book and the table",
                                                      "shelf": "",
                                                      "title": "Title Book",
                                                    }
                  }
                  defineStatus={[Function]}
                  shelf=""
/>,
                "item": true,
              },
              "ref": null,
              "rendered": Object {
                "instance": null,
                "key": undefined,
                "nodeType": "function",
                "props": Object {
                  "book": Object {
                    "authors": Array [
                      "Leonardo Morini",
                    ],
                    "averageRating": 2,
                    "categories": Array [
                      "action",
                    ],
                    "description": "This book and the table",
                    "shelf": "",
                    "title": "Title Book",
                  },
                  "defineStatus": [Function],
                  "shelf": "",
                },
                "ref": null,
                "rendered": null,
                "type": [Function],
              },
              "type": [Function],
            },
            Object {
              "instance": null,
              "key": undefined,
              "nodeType": "class",
              "props": Object {
                "children": <WithStyles(Grid)
                  container={true}
                  direction="column"
                  spacing={16}
>
                  <MultiChips
                                    items={
                                                      Array [
                                                                        "Leonardo Morini",
                                                                      ]
                                    }
                                    name="Authors"
                  />
                  <MultiChips
                                    items={
                                                      Array [
                                                                        "action",
                                                                      ]
                                    }
                                    name="Categories"
                  />
                  <WithStyles(Grid)
                                    item={true}
                  >
                                    <If
                                                      test="This book and the table"
                                    >
                                                      <WithStyles(Typography)
                                                                        align="justify"
                                                                        style={
                                                                                          Object {
                                                                                                            "color": "#fff",
                                                                                                          }
                                                                        }
                                                                        variant="subtitle1"
                                                      >
                                                                        <b>
                                                                                          Description: 
                                                                        </b>
                                                                         
                                                                        This book and the table
                                                      </WithStyles(Typography)>
                                    </If>
                  </WithStyles(Grid)>
</WithStyles(Grid)>,
                "item": true,
              },
              "ref": null,
              "rendered": Object {
                "instance": null,
                "key": undefined,
                "nodeType": "class",
                "props": Object {
                  "children": Array [
                    <MultiChips
                      items={
                                            Array [
                                                                  "Leonardo Morini",
                                                                ]
                      }
                      name="Authors"
/>,
                    <MultiChips
                      items={
                                            Array [
                                                                  "action",
                                                                ]
                      }
                      name="Categories"
/>,
                    <WithStyles(Grid)
                      item={true}
>
                      <If
                                            test="This book and the table"
                      >
                                            <WithStyles(Typography)
                                                                  align="justify"
                                                                  style={
                                                                                        Object {
                                                                                                              "color": "#fff",
                                                                                                            }
                                                                  }
                                                                  variant="subtitle1"
                                            >
                                                                  <b>
                                                                                        Description: 
                                                                  </b>
                                                                   
                                                                  This book and the table
                                            </WithStyles(Typography)>
                      </If>
</WithStyles(Grid)>,
                  ],
                  "container": true,
                  "direction": "column",
                  "spacing": 16,
                },
                "ref": null,
                "rendered": Array [
                  Object {
                    "instance": null,
                    "key": undefined,
                    "nodeType": "function",
                    "props": Object {
                      "items": Array [
                        "Leonardo Morini",
                      ],
                      "name": "Authors",
                    },
                    "ref": null,
                    "rendered": null,
                    "type": [Function],
                  },
                  Object {
                    "instance": null,
                    "key": undefined,
                    "nodeType": "function",
                    "props": Object {
                      "items": Array [
                        "action",
                      ],
                      "name": "Categories",
                    },
                    "ref": null,
                    "rendered": null,
                    "type": [Function],
                  },
                  Object {
                    "instance": null,
                    "key": undefined,
                    "nodeType": "class",
                    "props": Object {
                      "children": <If
                        test="This book and the table"
>
                        <WithStyles(Typography)
                                                align="justify"
                                                style={
                                                                        Object {
                                                                                                "color": "#fff",
                                                                                              }
                                                }
                                                variant="subtitle1"
                        >
                                                <b>
                                                                        Description: 
                                                </b>
                                                 
                                                This book and the table
                        </WithStyles(Typography)>
</If>,
                      "item": true,
                    },
                    "ref": null,
                    "rendered": Object {
                      "instance": null,
                      "key": undefined,
                      "nodeType": "function",
                      "props": Object {
                        "children": <WithStyles(Typography)
                          align="justify"
                          style={
                                                    Object {
                                                                              "color": "#fff",
                                                                            }
                          }
                          variant="subtitle1"
>
                          <b>
                                                    Description: 
                          </b>
                           
                          This book and the table
</WithStyles(Typography)>,
                        "test": "This book and the table",
                      },
                      "ref": null,
                      "rendered": Object {
                        "instance": null,
                        "key": undefined,
                        "nodeType": "class",
                        "props": Object {
                          "align": "justify",
                          "children": Array [
                            <b>
                              Description: 
</b>,
                            " ",
                            "This book and the table",
                          ],
                          "style": Object {
                            "color": "#fff",
                          },
                          "variant": "subtitle1",
                        },
                        "ref": null,
                        "rendered": Array [
                          Object {
                            "instance": null,
                            "key": undefined,
                            "nodeType": "host",
                            "props": Object {
                              "children": "Description: ",
                            },
                            "ref": null,
                            "rendered": "Description: ",
                            "type": "b",
                          },
                          " ",
                          "This book and the table",
                        ],
                        "type": [Function],
                      },
                      "type": [Function],
                    },
                    "type": [Function],
                  },
                ],
                "type": [Function],
              },
              "type": [Function],
            },
          ],
          "type": [Function],
        },
        "type": [Function],
      },
      "type": [Function],
    },
  ],
  Symbol(enzyme.__options__): Object {
    "adapter": ReactSixteenAdapter {
      "options": Object {
        "enableComponentDidUpdateOnSetState": true,
        "lifecycles": Object {
          "componentDidUpdate": Object {
            "onSetState": true,
          },
          "getDerivedStateFromProps": true,
          "getSnapshotBeforeUpdate": true,
          "setState": Object {
            "skipsComponentDidUpdateOnNullish": true,
          },
        },
      },
    },
  },
}
`;
