// Jest Snapshot v1, https://goo.gl/fbAQLP

exports[`[Component] App Display App Component Mount 1`] = `
initialize {
  "0": Object {
    "attribs": Object {
      "class": "MuiGrid-container-1 MuiGrid-direction-xs-column-4 MuiGrid-align-items-xs-center-9",
      "style": "background-color:#605872;flex:1",
    },
    "children": Array [
      Object {
        "attribs": Object {
          "class": "MuiGrid-item-2",
        },
        "children": Array [
          Object {
            "attribs": Object {
              "class": "MuiGrid-container-1",
            },
            "children": Array [
              Object {
                "attribs": Object {
                  "class": "MuiGrid-item-2",
                },
                "children": Array [
                  Object {
                    "attribs": Object {
                      "class": "MuiTypography-root-98 MuiTypography-subtitle1-116",
                      "style": "font-size:50px;color:#fff",
                    },
                    "children": Array [
                      Object {
                        "data": "MyReads",
                        "next": null,
                        "parent": [Circular],
                        "prev": null,
                        "type": "text",
                      },
                    ],
                    "name": "h6",
                    "namespace": "http://www.w3.org/1999/xhtml",
                    "next": null,
                    "parent": [Circular],
                    "prev": null,
                    "type": "tag",
                    "x-attribsNamespace": Object {
                      "class": undefined,
                      "style": undefined,
                    },
                    "x-attribsPrefix": Object {
                      "class": undefined,
                      "style": undefined,
                    },
                  },
                ],
                "name": "div",
                "namespace": "http://www.w3.org/1999/xhtml",
                "next": null,
                "parent": [Circular],
                "prev": null,
                "type": "tag",
                "x-attribsNamespace": Object {
                  "class": undefined,
                },
                "x-attribsPrefix": Object {
                  "class": undefined,
                },
              },
            ],
            "name": "div",
            "namespace": "http://www.w3.org/1999/xhtml",
            "next": null,
            "parent": [Circular],
            "prev": null,
            "type": "tag",
            "x-attribsNamespace": Object {
              "class": undefined,
            },
            "x-attribsPrefix": Object {
              "class": undefined,
            },
          },
        ],
        "name": "div",
        "namespace": "http://www.w3.org/1999/xhtml",
        "next": Object {
          "attribs": Object {
            "class": "MuiGrid-item-2",
          },
          "children": Array [
            Object {
              "attribs": Object {
                "class": "MuiGrid-container-1",
                "style": "background-color:#605872;padding:20px",
              },
              "children": Array [
                Object {
                  "attribs": Object {
                    "class": "MuiGrid-container-1 MuiGrid-item-2 MuiGrid-align-items-xs-center-9 MuiGrid-justify-xs-center-18",
                    "style": "flex:1",
                  },
                  "children": Array [
                    Object {
                      "attribs": Object {
                        "class": "MuiGrid-item-2",
                      },
                      "children": Array [
                        Object {
                          "attribs": Object {
                            "class": "MuiCircularProgress-root-133 MuiCircularProgress-colorPrimary-136 MuiCircularProgress-indeterminate-135",
                            "role": "progressbar",
                            "style": "width:40px;height:40px;color:#333",
                          },
                          "children": Array [
                            Object {
                              "attribs": Object {
                                "class": "MuiCircularProgress-svg-138",
                                "viewBox": "22 22 44 44",
                              },
                              "children": Array [
                                Object {
                                  "attribs": Object {
                                    "class": "MuiCircularProgress-circle-139 MuiCircularProgress-circleIndeterminate-141",
                                    "cx": "44",
                                    "cy": "44",
                                    "fill": "none",
                                    "r": "18.5",
                                    "stroke-width": "7",
                                  },
                                  "children": Array [],
                                  "name": "circle",
                                  "namespace": "http://www.w3.org/2000/svg",
                                  "next": null,
                                  "parent": [Circular],
                                  "prev": null,
                                  "type": "tag",
                                  "x-attribsNamespace": Object {
                                    "class": undefined,
                                    "cx": undefined,
                                    "cy": undefined,
                                    "fill": undefined,
                                    "r": undefined,
                                    "stroke-width": undefined,
                                  },
                                  "x-attribsPrefix": Object {
                                    "class": undefined,
                                    "cx": undefined,
                                    "cy": undefined,
                                    "fill": undefined,
                                    "r": undefined,
                                    "stroke-width": undefined,
                                  },
                                },
                              ],
                              "name": "svg",
                              "namespace": "http://www.w3.org/2000/svg",
                              "next": null,
                              "parent": [Circular],
                              "prev": null,
                              "type": "tag",
                              "x-attribsNamespace": Object {
                                "class": undefined,
                                "viewBox": undefined,
                              },
                              "x-attribsPrefix": Object {
                                "class": undefined,
                                "viewBox": undefined,
                              },
                            },
                          ],
                          "name": "div",
                          "namespace": "http://www.w3.org/1999/xhtml",
                          "next": null,
                          "parent": [Circular],
                          "prev": null,
                          "type": "tag",
                          "x-attribsNamespace": Object {
                            "class": undefined,
                            "role": undefined,
                            "style": undefined,
                          },
                          "x-attribsPrefix": Object {
                            "class": undefined,
                            "role": undefined,
                            "style": undefined,
                          },
                        },
                      ],
                      "name": "div",
                      "namespace": "http://www.w3.org/1999/xhtml",
                      "next": null,
                      "parent": [Circular],
                      "prev": null,
                      "type": "tag",
                      "x-attribsNamespace": Object {
                        "class": undefined,
                      },
                      "x-attribsPrefix": Object {
                        "class": undefined,
                      },
                    },
                  ],
                  "name": "div",
                  "namespace": "http://www.w3.org/1999/xhtml",
                  "next": null,
                  "parent": [Circular],
                  "prev": null,
                  "type": "tag",
                  "x-attribsNamespace": Object {
                    "class": undefined,
                    "style": undefined,
                  },
                  "x-attribsPrefix": Object {
                    "class": undefined,
                    "style": undefined,
                  },
                },
              ],
              "name": "div",
              "namespace": "http://www.w3.org/1999/xhtml",
              "next": null,
              "parent": [Circular],
              "prev": null,
              "type": "tag",
              "x-attribsNamespace": Object {
                "class": undefined,
                "style": undefined,
              },
              "x-attribsPrefix": Object {
                "class": undefined,
                "style": undefined,
              },
            },
          ],
          "name": "div",
          "namespace": "http://www.w3.org/1999/xhtml",
          "next": null,
          "parent": [Circular],
          "prev": [Circular],
          "type": "tag",
          "x-attribsNamespace": Object {
            "class": undefined,
          },
          "x-attribsPrefix": Object {
            "class": undefined,
          },
        },
        "parent": [Circular],
        "prev": null,
        "type": "tag",
        "x-attribsNamespace": Object {
          "class": undefined,
        },
        "x-attribsPrefix": Object {
          "class": undefined,
        },
      },
      Object {
        "attribs": Object {
          "class": "MuiGrid-item-2",
        },
        "children": Array [
          Object {
            "attribs": Object {
              "class": "MuiGrid-container-1",
              "style": "background-color:#605872;padding:20px",
            },
            "children": Array [
              Object {
                "attribs": Object {
                  "class": "MuiGrid-container-1 MuiGrid-item-2 MuiGrid-align-items-xs-center-9 MuiGrid-justify-xs-center-18",
                  "style": "flex:1",
                },
                "children": Array [
                  Object {
                    "attribs": Object {
                      "class": "MuiGrid-item-2",
                    },
                    "children": Array [
                      Object {
                        "attribs": Object {
                          "class": "MuiCircularProgress-root-133 MuiCircularProgress-colorPrimary-136 MuiCircularProgress-indeterminate-135",
                          "role": "progressbar",
                          "style": "width:40px;height:40px;color:#333",
                        },
                        "children": Array [
                          Object {
                            "attribs": Object {
                              "class": "MuiCircularProgress-svg-138",
                              "viewBox": "22 22 44 44",
                            },
                            "children": Array [
                              Object {
                                "attribs": Object {
                                  "class": "MuiCircularProgress-circle-139 MuiCircularProgress-circleIndeterminate-141",
                                  "cx": "44",
                                  "cy": "44",
                                  "fill": "none",
                                  "r": "18.5",
                                  "stroke-width": "7",
                                },
                                "children": Array [],
                                "name": "circle",
                                "namespace": "http://www.w3.org/2000/svg",
                                "next": null,
                                "parent": [Circular],
                                "prev": null,
                                "type": "tag",
                                "x-attribsNamespace": Object {
                                  "class": undefined,
                                  "cx": undefined,
                                  "cy": undefined,
                                  "fill": undefined,
                                  "r": undefined,
                                  "stroke-width": undefined,
                                },
                                "x-attribsPrefix": Object {
                                  "class": undefined,
                                  "cx": undefined,
                                  "cy": undefined,
                                  "fill": undefined,
                                  "r": undefined,
                                  "stroke-width": undefined,
                                },
                              },
                            ],
                            "name": "svg",
                            "namespace": "http://www.w3.org/2000/svg",
                            "next": null,
                            "parent": [Circular],
                            "prev": null,
                            "type": "tag",
                            "x-attribsNamespace": Object {
                              "class": undefined,
                              "viewBox": undefined,
                            },
                            "x-attribsPrefix": Object {
                              "class": undefined,
                              "viewBox": undefined,
                            },
                          },
                        ],
                        "name": "div",
                        "namespace": "http://www.w3.org/1999/xhtml",
                        "next": null,
                        "parent": [Circular],
                        "prev": null,
                        "type": "tag",
                        "x-attribsNamespace": Object {
                          "class": undefined,
                          "role": undefined,
                          "style": undefined,
                        },
                        "x-attribsPrefix": Object {
                          "class": undefined,
                          "role": undefined,
                          "style": undefined,
                        },
                      },
                    ],
                    "name": "div",
                    "namespace": "http://www.w3.org/1999/xhtml",
                    "next": null,
                    "parent": [Circular],
                    "prev": null,
                    "type": "tag",
                    "x-attribsNamespace": Object {
                      "class": undefined,
                    },
                    "x-attribsPrefix": Object {
                      "class": undefined,
                    },
                  },
                ],
                "name": "div",
                "namespace": "http://www.w3.org/1999/xhtml",
                "next": null,
                "parent": [Circular],
                "prev": null,
                "type": "tag",
                "x-attribsNamespace": Object {
                  "class": undefined,
                  "style": undefined,
                },
                "x-attribsPrefix": Object {
                  "class": undefined,
                  "style": undefined,
                },
              },
            ],
            "name": "div",
            "namespace": "http://www.w3.org/1999/xhtml",
            "next": null,
            "parent": [Circular],
            "prev": null,
            "type": "tag",
            "x-attribsNamespace": Object {
              "class": undefined,
              "style": undefined,
            },
            "x-attribsPrefix": Object {
              "class": undefined,
              "style": undefined,
            },
          },
        ],
        "name": "div",
        "namespace": "http://www.w3.org/1999/xhtml",
        "next": null,
        "parent": [Circular],
        "prev": Object {
          "attribs": Object {
            "class": "MuiGrid-item-2",
          },
          "children": Array [
            Object {
              "attribs": Object {
                "class": "MuiGrid-container-1",
              },
              "children": Array [
                Object {
                  "attribs": Object {
                    "class": "MuiGrid-item-2",
                  },
                  "children": Array [
                    Object {
                      "attribs": Object {
                        "class": "MuiTypography-root-98 MuiTypography-subtitle1-116",
                        "style": "font-size:50px;color:#fff",
                      },
                      "children": Array [
                        Object {
                          "data": "MyReads",
                          "next": null,
                          "parent": [Circular],
                          "prev": null,
                          "type": "text",
                        },
                      ],
                      "name": "h6",
                      "namespace": "http://www.w3.org/1999/xhtml",
                      "next": null,
                      "parent": [Circular],
                      "prev": null,
                      "type": "tag",
                      "x-attribsNamespace": Object {
                        "class": undefined,
                        "style": undefined,
                      },
                      "x-attribsPrefix": Object {
                        "class": undefined,
                        "style": undefined,
                      },
                    },
                  ],
                  "name": "div",
                  "namespace": "http://www.w3.org/1999/xhtml",
                  "next": null,
                  "parent": [Circular],
                  "prev": null,
                  "type": "tag",
                  "x-attribsNamespace": Object {
                    "class": undefined,
                  },
                  "x-attribsPrefix": Object {
                    "class": undefined,
                  },
                },
              ],
              "name": "div",
              "namespace": "http://www.w3.org/1999/xhtml",
              "next": null,
              "parent": [Circular],
              "prev": null,
              "type": "tag",
              "x-attribsNamespace": Object {
                "class": undefined,
              },
              "x-attribsPrefix": Object {
                "class": undefined,
              },
            },
          ],
          "name": "div",
          "namespace": "http://www.w3.org/1999/xhtml",
          "next": [Circular],
          "parent": [Circular],
          "prev": null,
          "type": "tag",
          "x-attribsNamespace": Object {
            "class": undefined,
          },
          "x-attribsPrefix": Object {
            "class": undefined,
          },
        },
        "type": "tag",
        "x-attribsNamespace": Object {
          "class": undefined,
        },
        "x-attribsPrefix": Object {
          "class": undefined,
        },
      },
    ],
    "name": "div",
    "namespace": "http://www.w3.org/1999/xhtml",
    "next": null,
    "parent": null,
    "prev": null,
    "root": Object {
      "attribs": Object {},
      "children": Array [
        [Circular],
      ],
      "name": "root",
      "namespace": "http://www.w3.org/1999/xhtml",
      "next": null,
      "parent": null,
      "prev": null,
      "type": "root",
      "x-attribsNamespace": Object {},
      "x-attribsPrefix": Object {},
    },
    "type": "tag",
    "x-attribsNamespace": Object {
      "class": undefined,
      "style": undefined,
    },
    "x-attribsPrefix": Object {
      "class": undefined,
      "style": undefined,
    },
  },
  "_root": [Circular],
  "length": 1,
  "options": Object {
    "decodeEntities": true,
    "normalizeWhitespace": false,
    "withDomLvl1": true,
    "xml": false,
  },
}
`;
